MIICoTCCAYkCBgGPAOFLLzANBgkqhkiG9w0BAQsFADAUMRIwEAYDVQQDDAl0ZXJtdmVyc2UwHhcN
MjQwNDIxMTMzNjU1WhcNMzQwNDIxMTMzODM1WjAUMRIwEAYDVQQDDAl0ZXJtdmVyc2UwggEiMA0G
CSqGSIb3DQEBAQUAA4IBDwAwggEKAoIBAQDgVUc8ep1uymfV49JgzoyMfK9jJ9l/6cTNR3pDzbFq
g+en8rOjlV+3teaGS00UY8t9jY+MZ4BqrnSQpmsfpPI5TcEOzFu7u1zxaeY9hLYY8LqvhwmuA1eX
3zEOmgiK+qOLv6KrfCsjo2DyfhEBckKm9KILfAZBMYkr3EqGFrzQC1dPlsIUPBQhJVc+3naRPvCT
mCh3L5ebrIMdY0kaiBbBoS+BA3Sa1p01qIHGwL0Dz0Lrj+FwvZf18mo+tZBNeaFcNP/1//2wLhTw
bXOQhqcb5A708VIqkBI1pF8+KKMHxxPEQGSIlCjqIb6JgeMLnR7ae/LoW4y0hdMXjESyCylZAgMB
AAEwDQYJKoZIhvcNAQELBQADggEBAJuasO1gOv+J0TA4CUOetWzc7x9HyYtrLH9Ycu2dIxOVb7Ei
zR23MWUBkDbT7mGO/FoyRwRL3IJTVvOxGG3lF/5EvQJ1VbgbUVXCmuFtadKH44A67L3P/VPf/Dl9
qBfTO3/M3PD91hehoEX99CCHsLYFe169cQkzU4nbloZpJP5eIgho7ax0Te9mOJMKgdXD+PGp6hEX
echdkqgsWHt0z184u2mSD8ycF6/US/t1324wE+YnWSY1r3NaGzocMerwY0YkyMfLzWpznQoFNhVI
9lKdqySn9635Fd2el/qCHQZufevpqZfY8u9KxwUxmdLFoIKzyB+efNVmMaWDGmq1OjU=